[DEBUG] Processing 4 TTPs, 0 relationships
Malware → Exmatter → malware--8a2daef0-f729-4296-847d-dad7aa85e117
Malware → Ryuk Infostealer → malware--49621a3a-9196-445d-9876-559466168e16
Malware → StealBit → malware--4cf66e3d-7c58-4851-8299-06013ebb3cf3
Malware → Conti Ransomware → malware--a4966404-abfe-4870-9c88-59d4bd89235f
Tool → Exmatter → tool--3e4d0da1-77f5-4899-9b77-6463fe947c35
Tool → PowerShell → tool--5c2fdfa8-643f-4996-a087-7108dbd5e6bc
Tool → ADFind → tool--88a32f13-0f42-4635-b278-22810b6746cd
Tool → Advanced IP Scanner → tool--bedafbaf-c06e-446b-8bc0-a11cede03ac0
Tool → Windows Sysinternals suite → tool--f2ae5914-9eea-43ed-85db-a3ac16e82a6c
Tool → Themida → tool--899e85c6-8cc3-42a2-945e-1104e1c743b4
Threat Actor → Kroll's Threat Intelligence team reports more than 200 ransomware threat actor groups → threat-actor--718e8d71-f6ed-48b2-af08-057e4f44ceda
Threat Actor → BlackMatter → threat-actor--343654a9-9329-4e47-a9ca-85e3d06cf29a
TTP → Data exfiltration before ransomware deployment → attack-pattern--c79ce3cd-d8f0-49b0-881d-db14b681faa0
TTP → Targeting specific file extensions (web/application source code, Remote Desktop shortcuts, CAD/GIS files) → attack-pattern--4e13d3a3-a0b8-46c8-acb4-dab4ceeaf208
TTP → Use of legitimate tools for reconnaissance → attack-pattern--b5b984b2-8543-42c1-81e6-da16a21e2f48
TTP → Tampering with Group Policy Objects (GPO) → attack-pattern--58f95e9e-6022-49e6-8caa-c688eaa80b3c
Observed-Data → SKIPPED (empty behavior)
Observed-Data → SKIPPED (empty behavior)
Observed-Data → SKIPPED (empty behavior)
Observed-Data → SKIPPED (empty behavior)
Observed-Data → SKIPPED (empty behavior)
Observed-Data → SKIPPED (empty behavior)
Observed-Data → SKIPPED (empty behavior)